[backblue.gif]
[fade.gif]
[index.html]
[templates.framework-y.com/gourmet/scripts/jquery.min.js]
[templates.framework-y.com/gourmet/scripts/script.js]
[templates.framework-y.com/gourmet/images/favicon.png]
[templates.framework-y.com/gourmet/images/logo.png]
[templates.framework-y.com/gourmet/images/logo-2.png]
[templates.framework-y.com/gourmet/images/gallery/pizza-1.jpg]
[templates.framework-y.com/gourmet/images/en.png]
[templates.framework-y.com/gourmet/images/it.png]
[templates.framework-y.com/gourmet/images/video-1-poster.jpg]
[templates.framework-y.com/gourmet/images/sign-2.png]
[templates.framework-y.com/gourmet/images/gallery/large-1.jpg]
[templates.framework-y.com/gourmet/images/gallery/long-1.jpg]
[templates.framework-y.com/gourmet/images/gallery/long-2.jpg]
[templates.framework-y.com/gourmet/images/gallery/long-3.jpg]
[templates.framework-y.com/gourmet/images/gallery/long-4.jpg]
[templates.framework-y.com/gourmet/images/users/user-1.jpg]
[templates.framework-y.com/gourmet/images/users/user-2.jpg]
[templates.framework-y.com/gourmet/images/users/user-3.jpg]
[templates.framework-y.com/gourmet/images/gallery/image-44.jpg]
[templates.framework-y.com/gourmet/images/gallery/image-45.jpg]
[templates.framework-y.com/gourmet/images/gallery/image-46.jpg]
[templates.framework-y.com/gourmet/images/gallery/image-11.jpg]
[templates.framework-y.com/gourmet/images/gallery/image-47.jpg]
[templates.framework-y.com/gourmet/images/gallery/image-48.jpg]
[templates.framework-y.com/gourmet/images/chefs-2.png]
[templates.framework-y.com/gourmet/images/clock.gif]
[templates.framework-y.com/gourmet/scripts/bootstrap/js/bootstrap.min.js]
[templates.framework-y.com/gourmet/scripts/imagesloaded.min.js]
[templates.framework-y.com/gourmet/scripts/parallax.min.js]
[templates.framework-y.com/gourmet/scripts/flexslider/jquery.flexslider-min.js]
[templates.framework-y.com/gourmet/scripts/isotope.min.js]
[templates.framework-y.com/gourmet/scripts/php/contact-form.js]
[templates.framework-y.com/gourmet/scripts/jquery.progress-counter.js]
[templates.framework-y.com/gourmet/scripts/jquery.tab-accordion.js]
[templates.framework-y.com/gourmet/scripts/bootstrap/js/bootstrap.popover.min.js]
[templates.framework-y.com/gourmet/scripts/jquery.magnific-popup.min.js]
[templates.framework-y.com/gourmet/scripts/social.stream.min.js]
[templates.framework-y.com/gourmet/scripts/jquery.slimscroll.min.js]
[templates.framework-y.com/gourmet/scripts/smooth.scroll.min.js]
[themekit.dev/tools/sidebar/sidebar.js]
[templates.framework-y.com/gourmet/pages/index-main.html]
[templates.framework-y.com/gourmet/scripts/bootstrap/css/bootstrap.css]
[templates.framework-y.com/gourmet/images/assets/loader.gif]
[templates.framework-y.com/gourmet/images/overlay/dotted.png]
[templates.framework-y.com/gourmet/images/overlay/line-45.png]
[templates.framework-y.com/gourmet/images/overlay/carbonio.png]
[templates.framework-y.com/gourmet/images/overlay/tile.png]
[templates.framework-y.com/gourmet/images/overlay/points.png]
[templates.framework-y.com/gourmet/images/overlay/squares.png]
[templates.framework-y.com/gourmet/images/overlay/tv.gif]
[templates.framework-y.com/gourmet/images/assets/clouds_1.png]
[templates.framework-y.com/gourmet/images/assets/clouds_2.png]
[templates.framework-y.com/gourmet/images/assets/fog_1.png]
[templates.framework-y.com/gourmet/images/assets/fog_2.png]
[templates.framework-y.com/gourmet/images/assets/bg-gradient.png]
[templates.framework-y.com/gourmet/images/assets/dotted-line.png]
[templates.framework-y.com/gourmet/images/assets/gradient-line.png]
[templates.framework-y.com/gourmet/images/assets/gradient-line-dark.png]
[templates.framework-y.com/gourmet/images/overlay/line-45-white.png]
[templates.framework-y.com/gourmet/images/overlay/dotted-white.png]
[templates.framework-y.com/gourmet/images/overlay/carbonio-white.png]
[templates.framework-y.com/gourmet/style.css]
[templates.framework-y.com/gourmet/css/content-box.css]
[templates.framework-y.com/gourmet/css/image-box.css]
[templates.framework-y.com/gourmet/css/animations.css]
[templates.framework-y.com/gourmet/css/components.css]
[templates.framework-y.com/gourmet/scripts/flexslider/fonts/flexslider-icon.eot]
[templates.framework-y.com/gourmet/scripts/flexslider/fonts/flexslider-icond41d.eot]
[templates.framework-y.com/gourmet/scripts/flexslider/fonts/flexslider-icon.woff]
[templates.framework-y.com/gourmet/scripts/flexslider/fonts/flexslider-icon.ttf]
[templates.framework-y.com/gourmet/scripts/flexslider/flexslider.css]
[templates.framework-y.com/gourmet/scripts/magnific-popup.css]
[templates.framework-y.com/gourmet/scripts/php/contact-form.css]
[templates.framework-y.com/gourmet/scripts/social.stream.css]
[templates.framework-y.com/gourmet/images/border.png]
[templates.framework-y.com/gourmet/images/border-top.png]
[templates.framework-y.com/gourmet/images/border-top-gray.png]
[templates.framework-y.com/gourmet/images/border-gray.png]
[templates.framework-y.com/gourmet/skin.css]
[templates.framework-y.com/gourmet/images/bg-intro.jpg]
[templates.framework-y.com/gourmet/images/intro/home-main.jpg]
[templates.framework-y.com/gourmet/images/intro/home-pizzeria.jpg]
[templates.framework-y.com/gourmet/images/intro/home-desserts.jpg]
[templates.framework-y.com/gourmet/images/intro/home-green.jpg]
[templates.framework-y.com/gourmet/images/intro/home-wine.jpg]
[templates.framework-y.com/gourmet/images/intro/home-bistro.jpg]
[templates.framework-y.com/gourmet/images/intro/home-retro.jpg]
[templates.framework-y.com/gourmet/images/intro/home-elegance.jpg]
[templates.framework-y.com/gourmet/images/intro/home-fast-food.jpg]
[templates.framework-y.com/gourmet/images/intro/home-steakhouse.jpg]
[templates.framework-y.com/gourmet/images/intro/home-intro.jpg]
[templates.framework-y.com/gourmet/images/intro/home-coming.jpg]
[templates.framework-y.com/gourmet/images/framework-y.png]
[templates.framework-y.com/gourmet/pages/index.html]
[templates.framework-y.com/gourmet/images/logo-retina.html]
[templates.framework-y.com/gourmet/images/hd-7.jpg]
[templates.framework-y.com/gourmet/images/pizza-2.png]
[templates.framework-y.com/gourmet/images/hd-8.jpg]
[templates.framework-y.com/gourmet/images/pizza-1.png]
[templates.framework-y.com/gourmet/images/bg-8.jpg]
[templates.framework-y.com/gourmet/images/chef-4.png]
[templates.framework-y.com/gourmet/images/chef-5.png]
[templates.framework-y.com/gourmet/images/chef-3.png]
[templates.framework-y.com/gourmet/images/chef-2.png]
[templates.framework-y.com/gourmet/images/gallery/food-1.jpg]
[templates.framework-y.com/gourmet/images/gallery/food-2.jpg]
[templates.framework-y.com/gourmet/images/gallery/food-3.jpg]
[templates.framework-y.com/gourmet/images/gallery/food-4.jpg]
[templates.framework-y.com/gourmet/images/bg-9.jpg]
[templates.framework-y.com/gourmet/images/gallery/pizza-2.jpg]
[templates.framework-y.com/gourmet/images/gallery/pizza-3.jpg]
[templates.framework-y.com/gourmet/images/gallery/pizza-4.jpg]
[templates.framework-y.com/gourmet/images/gallery/pizza-5.jpg]
[templates.framework-y.com/gourmet/images/gallery/pizza-6.jpg]
[templates.framework-y.com/gourmet/images/hd-9.jpg]
[templates.framework-y.com/gourmet/images/gallery/long-18.jpg]
[templates.framework-y.com/gourmet/images/gallery/image-15.jpg]
[templates.framework-y.com/gourmet/images/gallery/image-17.jpg]
[templates.framework-y.com/gourmet/images/bg-10.jpg]
[templates.framework-y.com/gourmet/scripts/jquery.flipster.min.js]
[templates.framework-y.com/gourmet/scripts/google.maps.min.js]
[templates.framework-y.com/gourmet/pages/index-pizzeria.html]
[templates.framework-y.com/gourmet/images/hd-12.jpg]
[templates.framework-y.com/gourmet/images/stars.png]
[templates.framework-y.com/gourmet/images/hd-11.jpg]
[templates.framework-y.com/gourmet/images/bg-14.jpg]
[templates.framework-y.com/gourmet/images/gallery/image-21.jpg]
[templates.framework-y.com/gourmet/images/gallery/square-9.jpg]
[templates.framework-y.com/gourmet/images/gallery/square-10.jpg]
[templates.framework-y.com/gourmet/images/gallery/square-11.jpg]
[templates.framework-y.com/gourmet/images/bg-15.jpg]
[templates.framework-y.com/gourmet/images/gallery/square-12.jpg]
[templates.framework-y.com/gourmet/images/gallery/square-13.jpg]
[templates.framework-y.com/gourmet/images/gallery/square-14.jpg]
[templates.framework-y.com/gourmet/images/gallery/square-15.jpg]
[templates.framework-y.com/gourmet/images/block-4.jpg]
[templates.framework-y.com/gourmet/images/gallery/square-17.jpg]
[templates.framework-y.com/gourmet/images/gallery/square-18.jpg]
[templates.framework-y.com/gourmet/images/gallery/square-16.jpg]
[templates.framework-y.com/gourmet/images/gallery/square-19.jpg]
[templates.framework-y.com/gourmet/images/block-5.jpg]
[templates.framework-y.com/gourmet/images/gallery/square-20.jpg]
[templates.framework-y.com/gourmet/images/gallery/square-21.jpg]
[templates.framework-y.com/gourmet/images/gallery/square-22.jpg]
[templates.framework-y.com/gourmet/images/gallery/square-23.jpg]
[templates.framework-y.com/gourmet/images/bg-16.jpg]
[templates.framework-y.com/gourmet/images/users/user-4.jpg]
[templates.framework-y.com/gourmet/images/sign-3.png]
[templates.framework-y.com/gourmet/images/logos/award-1.png]
[templates.framework-y.com/gourmet/images/logos/award-2.png]
[templates.framework-y.com/gourmet/images/logos/award-3.png]
[templates.framework-y.com/gourmet/images/logos/award-4.png]
[templates.framework-y.com/gourmet/images/logos/award-5.png]
[templates.framework-y.com/gourmet/images/logos/award-6.png]
[templates.framework-y.com/gourmet/images/gallery/image-22.jpg]
[templates.framework-y.com/gourmet/images/gallery/image-23.jpg]
[templates.framework-y.com/gourmet/images/gallery/image-24.jpg]
[templates.framework-y.com/gourmet/images/gallery/image-25.jpg]
[templates.framework-y.com/gourmet/images/gallery/image-26.jpg]
[templates.framework-y.com/gourmet/images/gallery/image-27.jpg]
[templates.framework-y.com/gourmet/pages/index-desserts.html]
[templates.framework-y.com/gourmet/images/gallery/location-7.jpg]
[templates.framework-y.com/gourmet/images/gallery/location-8.jpg]
[templates.framework-y.com/gourmet/images/gallery/image-16.jpg]
[templates.framework-y.com/gourmet/images/gallery/image-12.jpg]
[templates.framework-y.com/gourmet/images/sign-gray.png]
[templates.framework-y.com/gourmet/images/baby.jpg]
[templates.framework-y.com/gourmet/images/gallery/food-big-1.jpg]
[templates.framework-y.com/gourmet/images/gallery/food-big-2.jpg]
[templates.framework-y.com/gourmet/images/gallery/food-big-3.jpg]
[templates.framework-y.com/gourmet/images/gallery/food-big-4.jpg]
[templates.framework-y.com/gourmet/images/gallery/food-big-5.jpg]
[templates.framework-y.com/gourmet/images/gallery/food-big-6.jpg]
[templates.framework-y.com/gourmet/images/bg-5.jpg]
[templates.framework-y.com/gourmet/images/bg-21.jpg]
[templates.framework-y.com/gourmet/images/gallery/long-22.jpg]
[templates.framework-y.com/gourmet/images/gallery/image-4.jpg]
[templates.framework-y.com/gourmet/images/gallery/image-5.jpg]
[templates.framework-y.com/gourmet/images/bg-20.jpg]
[templates.framework-y.com/gourmet/images/sign-4.png]
[templates.framework-y.com/gourmet/pages/index-green.html]
[templates.framework-y.com/gourmet/images/hd-14.jpg]
[templates.framework-y.com/gourmet/images/hd-13.jpg]
[templates.framework-y.com/gourmet/images/gallery/long-21.jpg]
[templates.framework-y.com/gourmet/images/gallery/long-23.jpg]
[templates.framework-y.com/gourmet/images/gallery/long-20.jpg]
[templates.framework-y.com/gourmet/images/gallery/long-25.jpg]
[templates.framework-y.com/gourmet/images/bottle.jpg]
[templates.framework-y.com/gourmet/images/bottle-1.png]
[templates.framework-y.com/gourmet/images/bottle-3.png]
[templates.framework-y.com/gourmet/images/bottle-10.png]
[templates.framework-y.com/gourmet/images/bottle-4.png]
[templates.framework-y.com/gourmet/images/bottle-5.png]
[templates.framework-y.com/gourmet/images/bottle-6.png]
[templates.framework-y.com/gourmet/images/bottle-12.png]
[templates.framework-y.com/gourmet/images/bottle-7.png]
[templates.framework-y.com/gourmet/images/bottle-8.png]
[templates.framework-y.com/gourmet/images/bottle-9.png]
[templates.framework-y.com/gourmet/images/bottle-2.png]
[templates.framework-y.com/gourmet/images/bottle-11.png]
[templates.framework-y.com/gourmet/images/bottle-13.png]
[templates.framework-y.com/gourmet/images/bg-26.jpg]
[templates.framework-y.com/gourmet/images/gallery/large-4.jpg]
[templates.framework-y.com/gourmet/images/block-6.jpg]
[templates.framework-y.com/gourmet/images/block-7.jpg]
[templates.framework-y.com/gourmet/images/sign-white.png]
[templates.framework-y.com/gourmet/images/block-8.jpg]
[templates.framework-y.com/gourmet/images/gallery/mini-1.jpg]
[templates.framework-y.com/gourmet/images/gallery/mini-2.jpg]
[templates.framework-y.com/gourmet/images/gallery/mini-3.jpg]
[templates.framework-y.com/gourmet/images/gallery/mini-4.jpg]
[templates.framework-y.com/gourmet/images/block-9.jpg]
[templates.framework-y.com/gourmet/images/gallery/mini-5.jpg]
[templates.framework-y.com/gourmet/images/gallery/mini-6.jpg]
[templates.framework-y.com/gourmet/images/gallery/mini-7.jpg]
[templates.framework-y.com/gourmet/images/gallery/mini-8.jpg]
[templates.framework-y.com/gourmet/scripts/metis.menu.min.js]
[templates.framework-y.com/gourmet/pages/index-wine.html]
[templates.framework-y.com/gourmet/images/gallery/image-13.jpg]
[templates.framework-y.com/gourmet/images/gallery/image-14.jpg]
[templates.framework-y.com/gourmet/images/gallery/image-28.jpg]
[templates.framework-y.com/gourmet/images/gallery/image-30.jpg]
[templates.framework-y.com/gourmet/images/gallery/image-29.jpg]
[templates.framework-y.com/gourmet/images/bg-17.jpg]
[templates.framework-y.com/gourmet/images/gallery/square-1.jpg]
[templates.framework-y.com/gourmet/images/gallery/square-2.jpg]
[templates.framework-y.com/gourmet/images/gallery/square-3.jpg]
[templates.framework-y.com/gourmet/images/gallery/square-4.jpg]
[templates.framework-y.com/gourmet/images/gallery/square-5.jpg]
[templates.framework-y.com/gourmet/images/gallery/square-6.jpg]
[templates.framework-y.com/gourmet/images/gallery/square-7.jpg]
[templates.framework-y.com/gourmet/images/gallery/square-8.jpg]
[templates.framework-y.com/gourmet/images/bg-19.jpg]
[templates.framework-y.com/gourmet/images/gallery/image-1.jpg]
[templates.framework-y.com/gourmet/images/gallery/image-2.jpg]
[templates.framework-y.com/gourmet/images/gallery/image-3.jpg]
[templates.framework-y.com/gourmet/images/gallery/image-6.jpg]
[templates.framework-y.com/gourmet/pages/index-bistro.html]
[templates.framework-y.com/gourmet/images/bg-retro.jpg]
[templates.framework-y.com/gourmet/images/gallery/long-19.jpg]
[templates.framework-y.com/gourmet/images/bg-11.jpg]
[templates.framework-y.com/gourmet/images/food-3.png]
[templates.framework-y.com/gourmet/images/food-4.png]
[templates.framework-y.com/gourmet/images/food-5.png]
[templates.framework-y.com/gourmet/images/gallery/food-5.jpg]
[templates.framework-y.com/gourmet/images/gallery/food-6.jpg]
[templates.framework-y.com/gourmet/images/gallery/food-7.jpg]
[templates.framework-y.com/gourmet/images/gallery/food-8.jpg]
[templates.framework-y.com/gourmet/images/gallery/food-9.jpg]
[templates.framework-y.com/gourmet/images/gallery/food-10.jpg]
[templates.framework-y.com/gourmet/images/gallery/food-11.jpg]
[templates.framework-y.com/gourmet/images/gallery/food-12.jpg]
[templates.framework-y.com/gourmet/images/gallery/post-7.jpg]
[templates.framework-y.com/gourmet/images/gallery/post-9.jpg]
[templates.framework-y.com/gourmet/images/gallery/post-8.jpg]
[templates.framework-y.com/gourmet/images/gallery/post-6.jpg]
[templates.framework-y.com/gourmet/images/gallery/image-7.jpg]
[templates.framework-y.com/gourmet/images/gallery/image-8.jpg]
[templates.framework-y.com/gourmet/images/gallery/image-9.jpg]
[templates.framework-y.com/gourmet/images/gallery/image-10.jpg]
[templates.framework-y.com/gourmet/images/bg-13.jpg]
[templates.framework-y.com/gourmet/pages/index-retro.html]
[templates.framework-y.com/gourmet/images/bg-22.jpg]
[templates.framework-y.com/gourmet/images/gallery/image-31.jpg]
[templates.framework-y.com/gourmet/images/gallery/image-32.jpg]
[templates.framework-y.com/gourmet/images/gallery/image-33.jpg]
[templates.framework-y.com/gourmet/images/gallery/image-34.jpg]
[templates.framework-y.com/gourmet/images/gallery/image-35.jpg]
[templates.framework-y.com/gourmet/images/gallery/image-36.jpg]
[templates.framework-y.com/gourmet/images/bg-23.jpg]
[templates.framework-y.com/gourmet/images/food-6.jpg]
[templates.framework-y.com/gourmet/images/food-7.jpg]
[templates.framework-y.com/gourmet/scripts/jquery.spritely.min.js]
[templates.framework-y.com/gourmet/pages/index-steakhouse.html]
[templates.framework-y.com/gourmet/images/slide-1.jpg]
[templates.framework-y.com/gourmet/images/slide-2.jpg]
[templates.framework-y.com/gourmet/images/gallery/image-18.jpg]
[templates.framework-y.com/gourmet/images/gallery/image-19.jpg]
[templates.framework-y.com/gourmet/images/gallery/image-20.jpg]
[templates.framework-y.com/gourmet/images/bg-box.jpg]
[templates.framework-y.com/gourmet/images/bg-4.jpg]
[templates.framework-y.com/gourmet/images/users/user-5.jpg]
[templates.framework-y.com/gourmet/images/mk-1.png]
[templates.framework-y.com/gourmet/images/gallery/long-5.jpg]
[templates.framework-y.com/gourmet/images/gallery/long-6.jpg]
[templates.framework-y.com/gourmet/images/gallery/long-7.jpg]
[templates.framework-y.com/gourmet/images/gallery/long-8.jpg]
[templates.framework-y.com/gourmet/pages/index-elegance.html]
[templates.framework-y.com/gourmet/images/gallery/long-9.jpg]
[templates.framework-y.com/gourmet/images/gallery/long-10.jpg]
[templates.framework-y.com/gourmet/images/gallery/long-11.jpg]
[templates.framework-y.com/gourmet/images/gallery/long-12.jpg]
[templates.framework-y.com/gourmet/images/hd-portrait.jpg]
[templates.framework-y.com/gourmet/images/gallery/long-13.jpg]
[templates.framework-y.com/gourmet/images/gallery/long-14.jpg]
[templates.framework-y.com/gourmet/images/gallery/long-15.jpg]
[templates.framework-y.com/gourmet/images/gallery/long-16.jpg]
[templates.framework-y.com/gourmet/images/gallery/long-17.jpg]
[templates.framework-y.com/gourmet/images/cola-bar.png]
[templates.framework-y.com/gourmet/images/cola-bg.jpg]
[templates.framework-y.com/gourmet/images/food-1.png]
[templates.framework-y.com/gourmet/images/food-2.png]
[templates.framework-y.com/gourmet/images/bg-6.jpg]
[templates.framework-y.com/gourmet/images/hd-2.jpg]
[templates.framework-y.com/gourmet/images/gallery/post-1.jpg]
[templates.framework-y.com/gourmet/images/gallery/post-2.jpg]
[templates.framework-y.com/gourmet/images/gallery/post-3.jpg]
[templates.framework-y.com/gourmet/scripts/php/datepicker.min.js]
[templates.framework-y.com/gourmet/pages/index-fast-food.html]
[templates.framework-y.com/gourmet/images/sign.png]
[templates.framework-y.com/gourmet/pages/about-1.html]
[templates.framework-y.com/gourmet/images/block-14.jpg]
[templates.framework-y.com/gourmet/images/gallery/image-42.jpg]
[templates.framework-y.com/gourmet/images/gallery/image-43.jpg]
[templates.framework-y.com/gourmet/pages/about-2.html]
[templates.framework-y.com/gourmet/pages/about-3.html]
[templates.framework-y.com/gourmet/pages/pricing.html]
[templates.framework-y.com/gourmet/pages/careers.html]
[templates.framework-y.com/gourmet/images/gallery/location-5.jpg]
[templates.framework-y.com/gourmet/images/gallery/location-6.jpg]
[templates.framework-y.com/gourmet/scripts/jquery.twbsPagination.min.js]
[templates.framework-y.com/gourmet/pages/gallery-album.html]
[templates.framework-y.com/gourmet/pages/reservation-1.html]
[templates.framework-y.com/gourmet/pages/reservation-2.html]
[templates.framework-y.com/gourmet/pages/faq.html]
[templates.framework-y.com/gourmet/pages/history.html]
[templates.framework-y.com/gourmet/images/chef-1.png]
[templates.framework-y.com/gourmet/images/chef-6.png]
[templates.framework-y.com/gourmet/pages/team.html]
[templates.framework-y.com/gourmet/pages/coming-soon.html]
[templates.framework-y.com/gourmet/pages/services-1.html]
[templates.framework-y.com/gourmet/pages/services-2.html]
[templates.framework-y.com/gourmet/images/gallery/image-41.jpg]
[templates.framework-y.com/gourmet/pages/event.html]
[templates.framework-y.com/gourmet/pages/contacts-1.html]
[templates.framework-y.com/gourmet/pages/contacts-2.html]
[templates.framework-y.com/gourmet/pages/contacts-3.html]
[templates.framework-y.com/gourmet/images/block-10.jpg]
[templates.framework-y.com/gourmet/images/block-11.jpg]
[templates.framework-y.com/gourmet/images/block-12.jpg]
[templates.framework-y.com/gourmet/pages/menu-list-1.html]
[templates.framework-y.com/gourmet/images/gallery/square-36.jpg]
[templates.framework-y.com/gourmet/images/gallery/square-37.jpg]
[templates.framework-y.com/gourmet/images/gallery/square-38.jpg]
[templates.framework-y.com/gourmet/images/gallery/square-39.jpg]
[templates.framework-y.com/gourmet/images/gallery/square-40.jpg]
[templates.framework-y.com/gourmet/images/gallery/square-41.jpg]
[templates.framework-y.com/gourmet/images/gallery/square-42.jpg]
[templates.framework-y.com/gourmet/images/gallery/square-43.jpg]
[templates.framework-y.com/gourmet/pages/menu-list-2.html]
[templates.framework-y.com/gourmet/images/bg-27.jpg]
[templates.framework-y.com/gourmet/images/bg-28.jpg]
[templates.framework-y.com/gourmet/images/bg-29.jpg]
[templates.framework-y.com/gourmet/images/gallery/image-37.jpg]
[templates.framework-y.com/gourmet/images/gallery/image-38.jpg]
[templates.framework-y.com/gourmet/images/gallery/image-39.jpg]
[templates.framework-y.com/gourmet/images/gallery/image-40.jpg]
[templates.framework-y.com/gourmet/pages/menu-albums.html]
[templates.framework-y.com/gourmet/pages/menu-pizza.html]
[templates.framework-y.com/gourmet/pages/menu-grid.html]
[templates.framework-y.com/gourmet/pages/menu-classic.html]
[templates.framework-y.com/gourmet/pages/menu-slider.html]
[templates.framework-y.com/gourmet/images/gallery/large-2.jpg]
[templates.framework-y.com/gourmet/images/gallery/large-7.jpg]
[templates.framework-y.com/gourmet/images/gallery/large-5.jpg]
[templates.framework-y.com/gourmet/images/gallery/large-6.jpg]
[templates.framework-y.com/gourmet/pages/blog-1.html]
[templates.framework-y.com/gourmet/images/gallery/large-3.jpg]
[templates.framework-y.com/gourmet/pages/blog-2.html]
[templates.framework-y.com/gourmet/pages/blog-grid.html]
[templates.framework-y.com/gourmet/images/gallery/large-8.jpg]
[templates.framework-y.com/gourmet/pages/blog-single-1.html]
[templates.framework-y.com/gourmet/images/bg-3.jpg]
[templates.framework-y.com/gourmet/pages/blog-single-2.html]
[templates.framework-y.com/gourmet/pages/blog-single-3.html]
[templates.framework-y.com/gourmet/images/block-13.jpg]
[templates.framework-y.com/gourmet/pages/blog-single-4.html]
[templates.framework-y.com/gourmet/images/button-doc.png]
[templates.framework-y.com/gourmet/pages/features/components/icons.html]
[templates.framework-y.com/gourmet/pages/features/components/counters-countdown.html]
[templates.framework-y.com/gourmet/pages/features/components/progress-bars.html]
[templates.framework-y.com/gourmet/pages/features/components/timeline.html]
[templates.framework-y.com/gourmet/images/bg-7.jpg]
[templates.framework-y.com/gourmet/images/bg-12.jpg]
[templates.framework-y.com/gourmet/pages/features/containers/section-slider.html]
[templates.framework-y.com/gourmet/pages/features/components/buttons.html]
[templates.framework-y.com/gourmet/pages/features/components/image-boxes.html]
[templates.framework-y.com/gourmet/pages/features/components/image-boxes-advanced.html]
[templates.framework-y.com/gourmet/pages/features/components/content-box.html]
[templates.framework-y.com/gourmet/pages/features/components/social-media.html]
[templates.framework-y.com/gourmet/pages/features/components/lists.html]
[templates.framework-y.com/gourmet/pages/features/components/maps.html]
[templates.framework-y.com/gourmet/images/logos/logo_1.png]
[templates.framework-y.com/gourmet/images/logos/logo_2.png]
[templates.framework-y.com/gourmet/images/logos/logo_3.png]
[templates.framework-y.com/gourmet/images/logos/logo_4.png]
[templates.framework-y.com/gourmet/images/logos/logo_5.png]
[templates.framework-y.com/gourmet/images/logos/logo_6.png]
[templates.framework-y.com/gourmet/images/logos/logo_7.png]
[templates.framework-y.com/gourmet/images/logos/logo_8.png]
[templates.framework-y.com/gourmet/scripts/jquery.bootgrid.min.js]
[templates.framework-y.com/gourmet/pages/features/components/tables.html]
[www.framework-y.com/images/large/large_wide_1.jpg]
[www.framework-y.com/images/lightbox-thumb.jpg]
[www.framework-y.com/images/large/large_wide_2.jpg]
[www.framework-y.com/images/large/large_wide_3.jpg]
[www.framework-y.com/images/large/large_wide_4.jpg]
[www.framework-y.com/images/large/large_wide_5.jpg]
[www.framework-y.com/images/thumbs/thumb_wide_1.jpg]
[www.framework-y.com/images/thumbs/thumb_wide_2.jpg]
[www.framework-y.com/images/thumbs/thumb_wide_3.jpg]
[www.framework-y.com/images/thumbs/thumb_wide_4.jpg]
[www.framework-y.com/images/thumbs/thumb_wide_5.jpg]
[www.framework-y.com/images/thumbs/thumb_wide_6.jpg]
[templates.framework-y.com/gourmet/pages/features/containers/lightbox.html]
[templates.framework-y.com/gourmet/pages/features/containers/sliders.html]
[templates.framework-y.com/gourmet/pages/features/containers/scroll-box-collapse.html]
[templates.framework-y.com/gourmet/pages/features/containers/tabs.html]
[templates.framework-y.com/gourmet/pages/features/containers/accordions.html]
[templates.framework-y.com/gourmet/pages/features/components/php-contact-form.html]
[templates.framework-y.com/gourmet/pages/features/footers/footer-parallax.html]
[templates.framework-y.com/gourmet/pages/features/footers/footer-minimal.html]
[templates.framework-y.com/gourmet/pages/features/footers/footer-base.html]
[templates.framework-y.com/gourmet/pages/features/components/typography.html]
[templates.framework-y.com/gourmet/pages/features/containers/list-grid.html]
[templates.framework-y.com/gourmet/pages/features/containers/list-masonry.html]
[templates.framework-y.com/gourmet/images/hd-6.jpg]
[templates.framework-y.com/gourmet/pages/features/containers/section-background-image.html]
[templates.framework-y.com/gourmet/pages/features/containers/section-background-image-parallax.html]
[templates.framework-y.com/gourmet/pages/features/containers/section-background-video.html]
[templates.framework-y.com/gourmet/pages/features/containers/section-animations.html]
[templates.framework-y.com/gourmet/pages/features/containers/section-animations-parallax.html]
[templates.framework-y.com/gourmet/pages/features/menus/menu-classic.html]
[templates.framework-y.com/gourmet/pages/features/menus/menu-classic-transparent.html]
[templates.framework-y.com/gourmet/images/logo-badge.png]
[templates.framework-y.com/gourmet/pages/features/menus/menu-big-logo.html]
[templates.framework-y.com/gourmet/images/bg-1.jpg]
[templates.framework-y.com/gourmet/pages/features/menus/menu-subline.html]
[templates.framework-y.com/gourmet/pages/features/menus/menu-subtitle.html]
[templates.framework-y.com/gourmet/images/logo-mini.png]
[templates.framework-y.com/gourmet/pages/features/menus/menu-middle-logo.html]
[templates.framework-y.com/gourmet/pages/features/menus/menu-middle-logo-top.html]
[templates.framework-y.com/gourmet/pages/features/menus/menu-middle-box.html]
[templates.framework-y.com/gourmet/pages/features/menus/menu-icons.html]
[templates.framework-y.com/gourmet/pages/features/menus/menu-icons-top.html]
[templates.framework-y.com/gourmet/pages/features/menus/menu-side.html]
[templates.framework-y.com/gourmet/pages/features/menus/menu-side-lateral.html]
[templates.framework-y.com/gourmet/pages/features/menus/menu-side-simple.html]
[templates.framework-y.com/gourmet/pages/features/titles/template-title-image.html]
[templates.framework-y.com/gourmet/pages/features/titles/template-title-image-fullscreen.html]
[templates.framework-y.com/gourmet/pages/features/titles/template-title-image-fullscreen-parallax.html]
[templates.framework-y.com/gourmet/pages/features/titles/template-title-image-parallax.html]
[templates.framework-y.com/gourmet/pages/features/titles/template-title-image-parallax-ken-burn.html]
[templates.framework-y.com/gourmet/pages/features/titles/template-title-video-mp4.html]
[templates.framework-y.com/gourmet/pages/features/titles/template-title-video-youtube.html]
[templates.framework-y.com/gourmet/pages/features/titles/template-title-video-fullscreen.html]
[templates.framework-y.com/gourmet/pages/features/titles/template-title-video-fullscreen-parallax.html]
[templates.framework-y.com/gourmet/pages/features/titles/template-title-video-parallax.html]
[templates.framework-y.com/gourmet/pages/features/titles/template-title-base-1.html]
[templates.framework-y.com/gourmet/pages/features/titles/template-title-base-2.html]
[templates.framework-y.com/gourmet/pages/features/titles/template-title-bootstrap.html]
[templates.framework-y.com/gourmet/pages/features/titles/template-title-animation.html]
[templates.framework-y.com/gourmet/pages/features/titles/template-title-animation-parallax.html]
[templates.framework-y.com/gourmet/pages/features/titles/template-title-slider.html]
[templates.framework-y.com/gourmet/images/hd-1.jpg]
[templates.framework-y.com/gourmet/images/hd-4.jpg]
[templates.framework-y.com/gourmet/pages/features/titles/template-title-slider-fullscreen.html]
[templates.framework-y.com/gourmet/pages/features/titles/template-title-slider-fullscreen-parallax.html]
[templates.framework-y.com/gourmet/pages/features/titles/template-title-slider-parallax.html]
[templates.framework-y.com/gourmet/scripts/iconsmind/line-icons-fonts/icomoon.eot]
[templates.framework-y.com/gourmet/scripts/iconsmind/line-icons-fonts/icomoond41d.eot]
[templates.framework-y.com/gourmet/scripts/iconsmind/line-icons-fonts/icomoon.woff]
[templates.framework-y.com/gourmet/scripts/iconsmind/line-icons-fonts/icomoon.ttf]
[templates.framework-y.com/gourmet/scripts/iconsmind/line-icons-fonts/social.woff]
[templates.framework-y.com/gourmet/scripts/iconsmind/line-icons-fonts/social.ttf]
[templates.framework-y.com/gourmet/scripts/iconsmind/line-icons.min.css]
[templates.framework-y.com/gourmet/scripts/flexslider/fonts/flexslider-icon.svg]
[templates.framework-y.com/gourmet/scripts/jquery.flipster.min.css]
[templates.framework-y.com/images/favicon.html]
[templates.framework-y.com/gourmet/pages/features/components/about.html]
[templates.framework-y.com/gourmet/scripts/jquery.bootgrid.css]
[templates.framework-y.com/gourmet/pages/features/containers/www.youtube.com/watch76c6.html]
[templates.framework-y.com/gourmet/images/video-poster.html]
[templates.framework-y.com/gourmet/scripts/metismenu.jquery.min.html]
[templates.framework-y.com/gourmet/pages/features/menus/index-main.html]
[templates.framework-y.com/gourmet/pages/features/menus/index-pizzeria.html]
[templates.framework-y.com/gourmet/pages/features/menus/index-desserts.html]
[templates.framework-y.com/gourmet/pages/features/menus/index-green.html]
[templates.framework-y.com/gourmet/pages/features/menus/index-wine.html]
[templates.framework-y.com/gourmet/pages/features/menus/index-bistro.html]
[templates.framework-y.com/gourmet/pages/features/menus/index-retro.html]
[templates.framework-y.com/gourmet/pages/features/menus/index-steakhouse.html]
[templates.framework-y.com/gourmet/pages/features/menus/index-elegance.html]
[templates.framework-y.com/gourmet/pages/features/menus/index-fast-food.html]
[templates.framework-y.com/gourmet/pages/features/menus/about-1.html]
[templates.framework-y.com/gourmet/pages/features/menus/about-2.html]
[templates.framework-y.com/gourmet/pages/features/menus/about-3.html]
[templates.framework-y.com/gourmet/pages/features/menus/pricing.html]
[templates.framework-y.com/gourmet/pages/features/menus/careers.html]
[templates.framework-y.com/gourmet/pages/features/menus/coming-soon.html]
[templates.framework-y.com/gourmet/pages/features/menus/gallery-album.html]
[templates.framework-y.com/gourmet/pages/features/menus/services-1.html]
[templates.framework-y.com/gourmet/pages/features/menus/reservation-1.html]
[templates.framework-y.com/gourmet/pages/features/menus/reservation-2.html]
[templates.framework-y.com/gourmet/pages/features/menus/faq.html]
[templates.framework-y.com/gourmet/pages/features/menus/history.html]
[templates.framework-y.com/gourmet/pages/features/menus/team.html]
[templates.framework-y.com/gourmet/pages/features/menus/services-2.html]
[templates.framework-y.com/gourmet/pages/features/menus/event.html]
[templates.framework-y.com/gourmet/pages/features/menus/menu-list-1.html]
[templates.framework-y.com/gourmet/pages/features/menus/menu-list-2.html]
[templates.framework-y.com/gourmet/pages/features/menus/menu-albums.html]
[templates.framework-y.com/gourmet/pages/features/menus/menu-pizza.html]
[templates.framework-y.com/gourmet/pages/features/menus/menu-grid.html]
[templates.framework-y.com/gourmet/pages/features/menus/menu-slider.html]
[templates.framework-y.com/gourmet/pages/features/menus/blog-1.html]
[templates.framework-y.com/gourmet/pages/features/menus/blog-2.html]
[templates.framework-y.com/gourmet/pages/features/menus/blog-grid.html]
[templates.framework-y.com/gourmet/pages/features/menus/blog-single-1.html]
[templates.framework-y.com/gourmet/pages/features/menus/blog-single-2.html]
[templates.framework-y.com/gourmet/pages/features/menus/blog-single-3.html]
[templates.framework-y.com/gourmet/pages/features/menus/blog-single-4.html]
[templates.framework-y.com/gourmet/images/youtube-poster.html]
[templates.framework-y.com/gourmet/pages/features/titles/index.html]
[templates.framework-y.com/gourmet/scripts/iconsmind/line-icons-fonts/icomoonca27.svg]
[templates.framework-y.com/gourmet/scripts/iconsmind/line-icons-fonts/social.html]
[templates.framework-y.com/gourmet/scripts/iconsmind/line-icons-fonts/sociald41d.html]
[templates.framework-y.com/gourmet/scripts/iconsmind/line-icons-fonts/social.svg]
